2025-09-22 21:42:00,167 INFO agl.auth /auth/login attempt username=retsche1
2025-09-22 21:42:00,169 WARNING agl.auth /auth/login invalid username=retsche1
2025-09-22 21:42:05,927 INFO agl.auth /auth/register success username=retsche
2025-09-22 21:42:11,574 INFO agl.auth /auth/login attempt username=retsche
2025-09-22 21:42:11,691 INFO agl.auth /auth/login success username=retsche
2025-09-22 21:53:39,649 INFO agl.auth /auth/login attempt username=retsche1
2025-09-22 21:53:39,653 WARNING agl.auth /auth/login invalid username=retsche1
2025-09-22 21:53:41,945 INFO agl.auth /auth/login attempt username=retsche
2025-09-22 21:53:42,027 INFO agl.auth /auth/login success username=retsche
2025-09-22 22:02:15,101 INFO agl.auth /auth/login attempt username=retsche
2025-09-22 22:02:15,112 WARNING agl.auth /auth/login invalid username=retsche
2025-09-22 22:02:17,148 INFO agl.auth /auth/register success username=retsche
2025-09-22 22:02:21,684 INFO agl.auth /auth/login attempt username=retsche
2025-09-22 22:02:21,773 INFO agl.auth /auth/login success username=retsche
2025-09-22 22:07:04,839 INFO agl.auth /auth/login attempt username=retsche
2025-09-22 22:07:04,955 INFO agl.auth /auth/login success username=retsche
2025-09-22 23:31:32,262 INFO agl.auth /auth/login attempt username=retsche
2025-09-22 23:31:32,463 ERROR auth_server Exception on /auth/login [POST]
Traceback (most recent call last):
  File "C:\Users\rene3\AppData\Roaming\Python\Python313\site-packages\flask\app.py", line 1511, in wsgi_app
    response = self.full_dispatch_request()
  File "C:\Users\rene3\AppData\Roaming\Python\Python313\site-packages\flask\app.py", line 919, in full_dispatch_request
    rv = self.handle_user_exception(e)
  File "C:\Users\rene3\AppData\Roaming\Python\Python313\site-packages\flask\app.py", line 917, in full_dispatch_request
    rv = self.dispatch_request()
  File "C:\Users\rene3\AppData\Roaming\Python\Python313\site-packages\flask\app.py", line 902, in dispatch_request
    return self.ensure_sync(self.view_functions[rule.endpoint])(**view_args)  # type: ignore[no-any-return]
           ~~~~~~~~~~~~~~~~~~~~~~~~~~~~~~~~~~~~~~~~~~~~~~~~~~~~^^^^^^^^^^^^^
  File "C:\Data\GitHub\AutoGroupLogin\auth_server.py", line 142, in login
    token = issue_token(username)
  File "C:\Data\GitHub\AutoGroupLogin\auth_server.py", line 125, in issue_token
    return jwt.encode(payload, JWT_SECRET, algorithm=JWT_ALGO)
           ^^^^^^^^^^
AttributeError: module 'jwt' has no attribute 'encode'
2025-09-22 23:32:50,729 INFO agl.auth /auth/login attempt username=retsche
2025-09-22 23:32:50,809 ERROR auth_server Exception on /auth/login [POST]
Traceback (most recent call last):
  File "C:\Users\rene3\AppData\Roaming\Python\Python313\site-packages\flask\app.py", line 1511, in wsgi_app
    response = self.full_dispatch_request()
  File "C:\Users\rene3\AppData\Roaming\Python\Python313\site-packages\flask\app.py", line 919, in full_dispatch_request
    rv = self.handle_user_exception(e)
  File "C:\Users\rene3\AppData\Roaming\Python\Python313\site-packages\flask\app.py", line 917, in full_dispatch_request
    rv = self.dispatch_request()
  File "C:\Users\rene3\AppData\Roaming\Python\Python313\site-packages\flask\app.py", line 902, in dispatch_request
    return self.ensure_sync(self.view_functions[rule.endpoint])(**view_args)  # type: ignore[no-any-return]
           ~~~~~~~~~~~~~~~~~~~~~~~~~~~~~~~~~~~~~~~~~~~~~~~~~~~~^^^^^^^^^^^^^
  File "C:\Data\GitHub\AutoGroupLogin\auth_server.py", line 142, in login
    token = issue_token(username)
  File "C:\Data\GitHub\AutoGroupLogin\auth_server.py", line 125, in issue_token
    return jwt.encode(payload, JWT_SECRET, algorithm=JWT_ALGO)
           ^^^^^^^^^^
AttributeError: module 'jwt' has no attribute 'encode'
2025-09-22 23:32:55,034 INFO agl.auth /auth/login attempt username=retsche
2025-09-22 23:32:55,116 WARNING agl.auth /auth/login invalid username=retsche
2025-09-22 23:33:38,610 INFO agl.auth /auth/login attempt username=retsche
2025-09-22 23:33:38,720 WARNING agl.auth /auth/login invalid username=retsche
2025-09-22 23:33:44,408 WARNING agl.auth /auth/register duplicate username=retsche
2025-09-22 23:33:50,806 INFO agl.auth /auth/login attempt username=retsche
2025-09-22 23:33:50,923 ERROR auth_server Exception on /auth/login [POST]
Traceback (most recent call last):
  File "C:\Users\rene3\AppData\Roaming\Python\Python313\site-packages\flask\app.py", line 1511, in wsgi_app
    response = self.full_dispatch_request()
  File "C:\Users\rene3\AppData\Roaming\Python\Python313\site-packages\flask\app.py", line 919, in full_dispatch_request
    rv = self.handle_user_exception(e)
  File "C:\Users\rene3\AppData\Roaming\Python\Python313\site-packages\flask\app.py", line 917, in full_dispatch_request
    rv = self.dispatch_request()
  File "C:\Users\rene3\AppData\Roaming\Python\Python313\site-packages\flask\app.py", line 902, in dispatch_request
    return self.ensure_sync(self.view_functions[rule.endpoint])(**view_args)  # type: ignore[no-any-return]
           ~~~~~~~~~~~~~~~~~~~~~~~~~~~~~~~~~~~~~~~~~~~~~~~~~~~~^^^^^^^^^^^^^
  File "C:\Data\GitHub\AutoGroupLogin\auth_server.py", line 142, in login
    token = issue_token(username)
  File "C:\Data\GitHub\AutoGroupLogin\auth_server.py", line 125, in issue_token
    return jwt.encode(payload, JWT_SECRET, algorithm=JWT_ALGO)
           ^^^^^^^^^^
AttributeError: module 'jwt' has no attribute 'encode'
2025-09-22 23:33:53,521 ERROR auth_server Exception on /auth/register [POST]
Traceback (most recent call last):
  File "C:\Users\rene3\AppData\Roaming\Python\Python313\site-packages\flask\app.py", line 1511, in wsgi_app
    response = self.full_dispatch_request()
  File "C:\Users\rene3\AppData\Roaming\Python\Python313\site-packages\flask\app.py", line 919, in full_dispatch_request
    rv = self.handle_user_exception(e)
  File "C:\Users\rene3\AppData\Roaming\Python\Python313\site-packages\flask\app.py", line 917, in full_dispatch_request
    rv = self.dispatch_request()
  File "C:\Users\rene3\AppData\Roaming\Python\Python313\site-packages\flask\app.py", line 902, in dispatch_request
    return self.ensure_sync(self.view_functions[rule.endpoint])(**view_args)  # type: ignore[no-any-return]
           ~~~~~~~~~~~~~~~~~~~~~~~~~~~~~~~~~~~~~~~~~~~~~~~~~~~~^^^^^^^^^^^^^
  File "C:\Data\GitHub\AutoGroupLogin\auth_server.py", line 108, in register
    cur.execute('INSERT INTO users(username, password_hash, created_at) VALUES (?, ?, ?)',
    ~~~~~~~~~~~^^^^^^^^^^^^^^^^^^^^^^^^^^^^^^^^^^^^^^^^^^^^^^^^^^^^^^^^^^^^^^^^^^^^^^^^^^^
                (username, generate_password_hash(password), datetime.now(timezone.utc).isoformat()))
                ^^^^^^^^^^^^^^^^^^^^^^^^^^^^^^^^^^^^^^^^^^^^^^^^^^^^^^^^^^^^^^^^^^^^^^^^^^^^^^^^^^^^^
sqlite3.OperationalError: database is locked
2025-09-22 23:34:45,861 INFO agl.auth /auth/login attempt username=retsche
2025-09-22 23:34:45,865 WARNING agl.auth /auth/login invalid username=retsche
2025-09-22 23:34:57,842 INFO agl.auth /auth/register success username=pat
2025-09-22 23:35:03,008 INFO agl.auth /auth/login attempt username=pat
2025-09-22 23:35:03,087 ERROR auth_server Exception on /auth/login [POST]
Traceback (most recent call last):
  File "C:\Users\rene3\AppData\Roaming\Python\Python313\site-packages\flask\app.py", line 1511, in wsgi_app
    response = self.full_dispatch_request()
  File "C:\Users\rene3\AppData\Roaming\Python\Python313\site-packages\flask\app.py", line 919, in full_dispatch_request
    rv = self.handle_user_exception(e)
  File "C:\Users\rene3\AppData\Roaming\Python\Python313\site-packages\flask\app.py", line 917, in full_dispatch_request
    rv = self.dispatch_request()
  File "C:\Users\rene3\AppData\Roaming\Python\Python313\site-packages\flask\app.py", line 902, in dispatch_request
    return self.ensure_sync(self.view_functions[rule.endpoint])(**view_args)  # type: ignore[no-any-return]
           ~~~~~~~~~~~~~~~~~~~~~~~~~~~~~~~~~~~~~~~~~~~~~~~~~~~~^^^^^^^^^^^^^
  File "C:\Data\GitHub\AutoGroupLogin\auth_server.py", line 142, in login
    token = issue_token(username)
  File "C:\Data\GitHub\AutoGroupLogin\auth_server.py", line 125, in issue_token
    return jwt.encode(payload, JWT_SECRET, algorithm=JWT_ALGO)
           ^^^^^^^^^^
AttributeError: module 'jwt' has no attribute 'encode'
2025-09-22 23:39:12,576 INFO agl.auth /auth/login attempt username=pat
2025-09-22 23:39:12,658 ERROR auth_server Exception on /auth/login [POST]
Traceback (most recent call last):
  File "C:\Users\rene3\AppData\Roaming\Python\Python313\site-packages\flask\app.py", line 1511, in wsgi_app
    response = self.full_dispatch_request()
  File "C:\Users\rene3\AppData\Roaming\Python\Python313\site-packages\flask\app.py", line 919, in full_dispatch_request
    rv = self.handle_user_exception(e)
  File "C:\Users\rene3\AppData\Roaming\Python\Python313\site-packages\flask\app.py", line 917, in full_dispatch_request
    rv = self.dispatch_request()
  File "C:\Users\rene3\AppData\Roaming\Python\Python313\site-packages\flask\app.py", line 902, in dispatch_request
    return self.ensure_sync(self.view_functions[rule.endpoint])(**view_args)  # type: ignore[no-any-return]
           ~~~~~~~~~~~~~~~~~~~~~~~~~~~~~~~~~~~~~~~~~~~~~~~~~~~~^^^^^^^^^^^^^
  File "C:\Data\GitHub\AutoGroupLogin\auth_server.py", line 142, in login
    token = issue_token(username)
  File "C:\Data\GitHub\AutoGroupLogin\auth_server.py", line 125, in issue_token
    return jwt.encode(payload, JWT_SECRET, algorithm=JWT_ALGO)
           ^^^^^^^^^^
AttributeError: module 'jwt' has no attribute 'encode'
2025-09-22 23:41:28,780 INFO agl.auth /auth/login attempt username=pat
2025-09-22 23:41:28,865 ERROR auth_server Exception on /auth/login [POST]
Traceback (most recent call last):
  File "C:\Users\rene3\AppData\Roaming\Python\Python313\site-packages\flask\app.py", line 1511, in wsgi_app
    response = self.full_dispatch_request()
  File "C:\Users\rene3\AppData\Roaming\Python\Python313\site-packages\flask\app.py", line 919, in full_dispatch_request
    rv = self.handle_user_exception(e)
  File "C:\Users\rene3\AppData\Roaming\Python\Python313\site-packages\flask\app.py", line 917, in full_dispatch_request
    rv = self.dispatch_request()
  File "C:\Users\rene3\AppData\Roaming\Python\Python313\site-packages\flask\app.py", line 902, in dispatch_request
    return self.ensure_sync(self.view_functions[rule.endpoint])(**view_args)  # type: ignore[no-any-return]
           ~~~~~~~~~~~~~~~~~~~~~~~~~~~~~~~~~~~~~~~~~~~~~~~~~~~~^^^^^^^^^^^^^
  File "C:\Data\GitHub\AutoGroupLogin\auth_server.py", line 142, in login
    token = issue_token(username)
  File "C:\Data\GitHub\AutoGroupLogin\auth_server.py", line 125, in issue_token
    return jwt.encode(payload, JWT_SECRET, algorithm=JWT_ALGO)
           ^^^^^^^^^^
AttributeError: module 'jwt' has no attribute 'encode'
2025-09-22 23:42:09,860 INFO agl.auth /auth/login attempt username=pat
2025-09-22 23:42:09,958 ERROR auth_server Exception on /auth/login [POST]
Traceback (most recent call last):
  File "C:\Users\rene3\AppData\Roaming\Python\Python313\site-packages\flask\app.py", line 1511, in wsgi_app
    response = self.full_dispatch_request()
  File "C:\Users\rene3\AppData\Roaming\Python\Python313\site-packages\flask\app.py", line 919, in full_dispatch_request
    rv = self.handle_user_exception(e)
  File "C:\Users\rene3\AppData\Roaming\Python\Python313\site-packages\flask\app.py", line 917, in full_dispatch_request
    rv = self.dispatch_request()
  File "C:\Users\rene3\AppData\Roaming\Python\Python313\site-packages\flask\app.py", line 902, in dispatch_request
    return self.ensure_sync(self.view_functions[rule.endpoint])(**view_args)  # type: ignore[no-any-return]
           ~~~~~~~~~~~~~~~~~~~~~~~~~~~~~~~~~~~~~~~~~~~~~~~~~~~~^^^^^^^^^^^^^
  File "C:\Data\GitHub\AutoGroupLogin\auth_server.py", line 142, in login
    token = issue_token(username)
  File "C:\Data\GitHub\AutoGroupLogin\auth_server.py", line 125, in issue_token
    return jwt.encode(payload, JWT_SECRET, algorithm=JWT_ALGO)
           ^^^^^^^^^^
AttributeError: module 'jwt' has no attribute 'encode'
2025-09-22 23:44:25,234 INFO agl.auth /auth/login attempt username=retsche
2025-09-22 23:44:25,236 WARNING agl.auth /auth/login invalid username=retsche
2025-09-22 23:44:30,841 INFO agl.auth /auth/login attempt username=pat
2025-09-22 23:44:30,950 INFO agl.auth /auth/login success username=pat
2025-09-23 00:04:09,703 INFO agl.auth /auth/register success username=retsche
2025-09-23 00:04:14,435 INFO agl.auth /auth/login attempt username=retsche
2025-09-23 00:04:14,557 WARNING agl.auth /auth/login invalid username=retsche
2025-09-23 00:04:19,081 INFO agl.auth /auth/login attempt username=retsche
2025-09-23 00:04:19,174 WARNING agl.auth /auth/login invalid username=retsche
2025-09-23 00:04:24,921 INFO agl.auth /auth/login attempt username=retsche
2025-09-23 00:04:25,010 WARNING agl.auth /auth/login invalid username=retsche
2025-09-23 00:04:27,056 INFO agl.auth /auth/login attempt username=retsche
2025-09-23 00:04:27,181 WARNING agl.auth /auth/login invalid username=retsche
2025-09-23 00:04:30,786 WARNING agl.auth /auth/register duplicate username=retsche
2025-09-23 00:04:40,738 ERROR auth_server Exception on /auth/register [POST]
Traceback (most recent call last):
  File "C:\Users\rene3\AppData\Roaming\Python\Python313\site-packages\flask\app.py", line 1511, in wsgi_app
    response = self.full_dispatch_request()
  File "C:\Users\rene3\AppData\Roaming\Python\Python313\site-packages\flask\app.py", line 919, in full_dispatch_request
    rv = self.handle_user_exception(e)
  File "C:\Users\rene3\AppData\Roaming\Python\Python313\site-packages\flask\app.py", line 917, in full_dispatch_request
    rv = self.dispatch_request()
  File "C:\Users\rene3\AppData\Roaming\Python\Python313\site-packages\flask\app.py", line 902, in dispatch_request
    return self.ensure_sync(self.view_functions[rule.endpoint])(**view_args)  # type: ignore[no-any-return]
           ~~~~~~~~~~~~~~~~~~~~~~~~~~~~~~~~~~~~~~~~~~~~~~~~~~~~^^^^^^^^^^^^^
  File "C:\Data\GitHub\AutoGroupLogin\auth_server.py", line 108, in register
    cur.execute('INSERT INTO users(username, password_hash, created_at) VALUES (?, ?, ?)',
    ~~~~~~~~~~~^^^^^^^^^^^^^^^^^^^^^^^^^^^^^^^^^^^^^^^^^^^^^^^^^^^^^^^^^^^^^^^^^^^^^^^^^^^
                (username, generate_password_hash(password), datetime.now(timezone.utc).isoformat()))
                ^^^^^^^^^^^^^^^^^^^^^^^^^^^^^^^^^^^^^^^^^^^^^^^^^^^^^^^^^^^^^^^^^^^^^^^^^^^^^^^^^^^^^
sqlite3.OperationalError: database is locked
2025-09-23 00:04:42,969 ERROR auth_server Exception on /auth/register [POST]
Traceback (most recent call last):
  File "C:\Users\rene3\AppData\Roaming\Python\Python313\site-packages\flask\app.py", line 1511, in wsgi_app
    response = self.full_dispatch_request()
  File "C:\Users\rene3\AppData\Roaming\Python\Python313\site-packages\flask\app.py", line 919, in full_dispatch_request
    rv = self.handle_user_exception(e)
  File "C:\Users\rene3\AppData\Roaming\Python\Python313\site-packages\flask\app.py", line 917, in full_dispatch_request
    rv = self.dispatch_request()
  File "C:\Users\rene3\AppData\Roaming\Python\Python313\site-packages\flask\app.py", line 902, in dispatch_request
    return self.ensure_sync(self.view_functions[rule.endpoint])(**view_args)  # type: ignore[no-any-return]
           ~~~~~~~~~~~~~~~~~~~~~~~~~~~~~~~~~~~~~~~~~~~~~~~~~~~~^^^^^^^^^^^^^
  File "C:\Data\GitHub\AutoGroupLogin\auth_server.py", line 108, in register
    cur.execute('INSERT INTO users(username, password_hash, created_at) VALUES (?, ?, ?)',
    ~~~~~~~~~~~^^^^^^^^^^^^^^^^^^^^^^^^^^^^^^^^^^^^^^^^^^^^^^^^^^^^^^^^^^^^^^^^^^^^^^^^^^^
                (username, generate_password_hash(password), datetime.now(timezone.utc).isoformat()))
                ^^^^^^^^^^^^^^^^^^^^^^^^^^^^^^^^^^^^^^^^^^^^^^^^^^^^^^^^^^^^^^^^^^^^^^^^^^^^^^^^^^^^^
sqlite3.OperationalError: database is locked
2025-09-23 00:04:46,285 ERROR auth_server Exception on /auth/register [POST]
Traceback (most recent call last):
  File "C:\Users\rene3\AppData\Roaming\Python\Python313\site-packages\flask\app.py", line 1511, in wsgi_app
    response = self.full_dispatch_request()
  File "C:\Users\rene3\AppData\Roaming\Python\Python313\site-packages\flask\app.py", line 919, in full_dispatch_request
    rv = self.handle_user_exception(e)
  File "C:\Users\rene3\AppData\Roaming\Python\Python313\site-packages\flask\app.py", line 917, in full_dispatch_request
    rv = self.dispatch_request()
  File "C:\Users\rene3\AppData\Roaming\Python\Python313\site-packages\flask\app.py", line 902, in dispatch_request
    return self.ensure_sync(self.view_functions[rule.endpoint])(**view_args)  # type: ignore[no-any-return]
           ~~~~~~~~~~~~~~~~~~~~~~~~~~~~~~~~~~~~~~~~~~~~~~~~~~~~^^^^^^^^^^^^^
  File "C:\Data\GitHub\AutoGroupLogin\auth_server.py", line 108, in register
    cur.execute('INSERT INTO users(username, password_hash, created_at) VALUES (?, ?, ?)',
    ~~~~~~~~~~~^^^^^^^^^^^^^^^^^^^^^^^^^^^^^^^^^^^^^^^^^^^^^^^^^^^^^^^^^^^^^^^^^^^^^^^^^^^
                (username, generate_password_hash(password), datetime.now(timezone.utc).isoformat()))
                ^^^^^^^^^^^^^^^^^^^^^^^^^^^^^^^^^^^^^^^^^^^^^^^^^^^^^^^^^^^^^^^^^^^^^^^^^^^^^^^^^^^^^
sqlite3.OperationalError: database is locked
2025-09-23 00:05:31,100 INFO agl.auth /auth/register success username=retsche
2025-09-23 00:05:38,437 INFO agl.auth /auth/login attempt username=retsche
2025-09-23 00:05:38,553 WARNING agl.auth /auth/login invalid username=retsche
2025-09-23 00:05:49,045 INFO agl.auth /auth/register success username=pat
2025-09-23 00:05:55,812 INFO agl.auth /auth/login attempt username=pat
2025-09-23 00:05:55,895 INFO agl.auth /auth/login success username=pat
